[colab] Parsing notebook '/home/kurt/colab-runs/yolos-detection-pipeline-0ca6715-a9bcbf/yolos_detection_colab_0ca6715_colab-cli-t4.ipynb'...
[colab] Executing cell 1/16 - Infrastructure: install the locked runtime into an isolated environment...
{'isolated_environment': '/content/dimer_isolated_env', 'isolated_python': '3.12.12', 'kernel_python': '3.13.15', 'locked_packages': 48, 'setup_seconds': 61}
[colab] Executing cell 2/16 - Route the remaining cells to the isolated environment...
Every later code cell now runs in /content/dimer_isolated_env/bin/python (pid 2607).
[colab] Executing cell 3/16 - Infrastructure: record the pinned runtime and the notebook source...
{'notebook_source': {'repository': 'yolos-detection-pipeline', 'repository_revision': '6ea8db0f992fdcb46035f44a82546d2cbd5786cf', 'embedded_module': 'src/yolos_detection_pipeline/pipeline.py', 'embedded_modules': ['src/yolos_detection_pipeline/pipeline.py', 'src/yolos_detection_pipeline/samples.py'], 'module_sha256': '4576741718c6eb2a79f57d44cdfd6bc4b28f3f88b7809ca735b3738ffbb8da3d', 'generator': 'build_notebook.py/2.1-swc', 'notebook_spec': '2.2'}, 'python': '3.12.12', 'torch': '2.14.0+cu130', 'transformers': '4.57.6', 'scipy': '1.18.1', 'numpy': '2.5.3', 'PIL': '11.3.0', 'cuda': True}
[colab] Executing cell 4/16 - yolos_detection-12...
[colab] Executing cell 5/16 - yolos_detection-14...
[colab] Executing cell 6/16 - Infrastructure: pin, stage and verify the model...
{'model_id': 'hustvl/yolos-small', 'revision': '3d8f7130d3ce4907cb206fe1c8485dc8fe8703de', 'license': 'apache-2.0', 'files': 4, 'total_bytes': 122771871}
{'weights_dir': '/content/weights/yolos-small', 'fetched': ['README.md', 'config.json', 'model.safetensors', 'preprocessor_config.json']}
{'verified_files': 4, 'revision': '3d8f7130d3ce4907cb206fe1c8485dc8fe8703de'}
{'device': 'cuda:0', 'source': '/content/weights/yolos-small'}
[colab] Executing cell 7/16 - yolos_detection-18...
{'MIN_IMAGE_SIDE': 16, 'MAX_IMAGE_SIDE': 4096, 'MAX_DETECTIONS': 100, 'label_slots': 91, 'unannotated_slots': 11, 'DETECTION_THRESHOLD': 0.9}
{'sample_kind': 'synthetic', 'size': [640, 480], 'sha256': 'ff819833457d69be', 'references': {'stop sign': 1, 'traffic light': 1, 'clock': 1, 'sports ball': 1}}
{'verdict': 'accepted', 'findings': [{'probe': 'threshold=1.5', 'rejected': 'threshold must be a number in [0, 1], got 1.5'}], 'inputs': [{'id': 'tutorial-scene', 'mode': 'RGB', 'size': [640, 480]}]}
     stop sign 0.999  [50, 91, 168, 209]
{'verdict': 'sample-sanity', 'n_detections': 1}
         stop sign-0  box_iou 0.912  same-label detections 1
     traffic light-0  box_iou 0.000  same-label detections 0
             clock-0  box_iou 0.000  same-label detections 0
       sports ball-0  box_iou 0.000  same-label detections 0
1/4 drawn objects matched at IoU >= 0.5
<PIL.Image.Image image mode=RGB size=640x480 at 0x79DE0226EED0>

[Image saved to: /tmp/tmpaayn8tp0.png]
[colab] Executing cell 8/16 - yolos_detection-20...
{
  "blank": {
    "at_default_threshold": 0,
    "at_evaluation_threshold": 0,
    "top": []
  },
  "noise": {
    "at_default_threshold": 0,
    "at_evaluation_threshold": 0,
    "top": []
  }
}
[colab] Executing cell 9/16 - yolos_detection-22...
{
  "n_records": 40,
  "n_boxes": 82,
  "class_names": [
    "stop-sign",
    "yield-sign",
    "speed-limit-sign"
  ],
  "boxes_per_class": {
    "stop-sign": 21,
    "yield-sign": 34,
    "speed-limit-sign": 27
  },
  "epochs": 10,
  "findings": [],
  "verdict": "accepted"
}
<PIL.Image.Image image mode=RGB size=480x320 at 0x79DDABCCB290>

[Image saved to: /tmp/tmp0hfzg45c.png]
[colab] Executing cell 10/16 - yolos_detection-24...
{'train': 30, 'held_out': 10, 'train_boxes': 65, 'held_out_boxes': 17}
{'held_out_boxes_per_class': {'stop-sign': 5, 'yield-sign': 10, 'speed-limit-sign': 2}}
warning: speed-limit-sign: only 2 held-out box(es); its AP moves in large steps
Some weights of YolosForObjectDetection were not initialized from the model checkpoint at /content/weights/yolos-small and are newly initialized because the shapes did not match:
- class_labels_classifier.layers.2.bias: found shape torch.Size([92]) in the checkpoint and torch.Size([4]) in the model instantiated
- class_labels_classifier.layers.2.weight: found shape torch.Size([92, 384]) in the checkpoint and torch.Size([4, 384]) in the model instantiated
You should probably TRAIN this model on a down-stream task to be able to use it for predictions and inference.
{'class_names': ['stop-sign', 'yield-sign', 'speed-limit-sign'], 'device': 'cuda:0', 'reinitialised': ['class_labels_classifier.layers.2.weight', 'class_labels_classifier.layers.2.bias']}
{
  "ap": 0.1118,
  "ap50": 0.2123,
  "per_class_ap50": {
    "stop-sign": "0.0000 on 5 box(es)",
    "yield-sign": "0.0331 on 10 box(es)",
    "speed-limit-sign": "0.6040 on 2 box(es)"
  },
  "n_references": 17
}
[colab] Executing cell 11/16 - yolos_detection-26...
Some weights of YolosForObjectDetection were not initialized from the model checkpoint at /content/weights/yolos-small and are newly initialized because the shapes did not match:
- class_labels_classifier.layers.2.bias: found shape torch.Size([92]) in the checkpoint and torch.Size([4]) in the model instantiated
- class_labels_classifier.layers.2.weight: found shape torch.Size([92, 384]) in the checkpoint and torch.Size([4, 384]) in the model instantiated
You should probably TRAIN this model on a down-stream task to be able to use it for predictions and inference.
epoch 1/10  loss 1.0921
epoch 2/10  loss 0.7844
epoch 3/10  loss 0.6971
epoch 4/10  loss 0.6764
epoch 5/10  loss 0.5614
epoch 6/10  loss 0.4679
epoch 7/10  loss 0.4490
epoch 8/10  loss 0.3653
epoch 9/10  loss 0.3755
epoch 10/10  loss 0.3352
{
  "freeze_early_layers": true,
  "trainable_encoder_layers": 4,
  "trainable_parameters": 16159880,
  "total_parameters": 30650888,
  "epochs": 10,
  "batch_size": 4,
  "learning_rate": 0.0001,
  "optimizer": "AdamW",
  "precision": "float32",
  "device": "cuda:0"
}
{'finetune_seconds': 106.9}
[colab] Executing cell 12/16 - yolos_detection-28...
metric     baseline    adapted     change
ap           0.1118     0.8650    +0.7533
ap50         0.2123     1.0000    +0.7877
ap75         0.1276     1.0000    +0.8724
per-class AP50: {'stop-sign': '1.0000 on 5 box(es)', 'yield-sign': '1.0000 on 10 box(es)', 'speed-limit-sign': '1.0000 on 2 box(es)'}
run 1: {'freeze_early_layers': True, 'epochs': 10, 'learning_rate': 0.0001, 'ap': 0.865, 'ap50': 1.0, 'finetune_seconds': 106.9}
[colab] Executing cell 13/16 - yolos_detection-30...
{"id": "sign-99-000", "truth": ["yield-sign", "yield-sign"], "detections": [["yield-sign", 0.947], ["yield-sign", 0.944]], "same_label_iou": [0.958, 0.909], "same_label_iou_at_eval_threshold": [0.958, 0.909]}
{"id": "sign-99-001", "truth": ["speed-limit-sign", "yield-sign"], "detections": [["yield-sign", 0.96]], "same_label_iou": [0.0, 0.896], "same_label_iou_at_eval_threshold": [0.95, 0.896]}
{"id": "sign-99-002", "truth": ["stop-sign"], "detections": [], "same_label_iou": [0.0], "same_label_iou_at_eval_threshold": [0.963]}
{'found_at_threshold': '3/5 at 0.9', 'found_at_eval_threshold': '5/5 at 0.05'}
[colab] Executing cell 14/16 - yolos_detection-32...
{
  "path": "outputs/yolos_adapter.safetensors",
  "bytes": 64649344,
  "sha256": "9cc14775ce1d70c2c930084ddd6e70b8a45264a1cde4d92f7e7decc08428ada7",
  "format": "yolos-adapter-v1",
  "class_names": [
    "stop-sign",
    "yield-sign",
    "speed-limit-sign"
  ],
  "tensors": 82,
  "frozen_prefixes": [
    "vit.embeddings.patch_embeddings.",
    "vit.encoder.layer.0.",
    "vit.encoder.layer.1.",
    "vit.encoder.layer.2.",
    "vit.encoder.layer.3.",
    "vit.encoder.layer.4.",
    "vit.encoder.layer.5.",
    "vit.encoder.layer.6.",
    "vit.encoder.layer.7."
  ],
  "base_state_digest": "27823dd210017c83fb2abb5528b7344d8b73572b5764d20f9cda2c153727232c",
  "model_id": "hustvl/yolos-small",
  "model_revision": "3d8f7130d3ce4907cb206fe1c8485dc8fe8703de"
}
Some weights of YolosForObjectDetection were not initialized from the model checkpoint at /content/weights/yolos-small and are newly initialized because the shapes did not match:
- class_labels_classifier.layers.2.bias: found shape torch.Size([92]) in the checkpoint and torch.Size([4]) in the model instantiated
- class_labels_classifier.layers.2.weight: found shape torch.Size([92, 384]) in the checkpoint and torch.Size([4, 384]) in the model instantiated
You should probably TRAIN this model on a down-stream task to be able to use it for predictions and inference.
{'reloaded_source': 'artifact:yolos_adapter.safetensors', 'adapted': True, 'class_names': ['stop-sign', 'yield-sign', 'speed-limit-sign']}
{'detections_compared': 7, 'tolerance': 0.001, 'equivalent': True}
[colab] Executing cell 15/16 - yolos_detection-34...
  yolos_adapter.safetensors                      64,649,344 bytes
  yolos_detection_annotated.png                      11,004 bytes
  yolos_detection_detections.csv                        261 bytes
  yolos_detection_evaluation_report.json              1,850 bytes
  yolos_detection_input_manifest.json                 2,582 bytes
  yolos_detection_result.json                         8,558 bytes
[colab] Executing cell 16/16 - yolos_detection-36...
refused as expected: non-image object -> TypeError: image must be a PIL.Image.Image, got str
refused as expected: box outside the image -> ValueError: record 0 box 0 [0.0, 0.0, 9999.0, 10.0] is empty or outside image bounds (640, 640)
BYOD image branch is off; set USE_BYOD_IMAGE = True to run detection on your own image.
BYOD dataset branch is off; set USE_BYOD_DATASET = True to adapt YOLOS on your own labelled images.
[colab] Saving notebook with outputs to '/home/kurt/colab-runs/yolos-detection-pipeline-0ca6715-a9bcbf/yolos_detection_colab_0ca6715_colab-cli-t4_output.ipynb'...
